---
source: tests/verify_quote.rs
assertion_line: 32
expression: tcb_status
---
"UpToDate"
