---
source: tests/verify_quote.rs
assertion_line: 33
expression: advisory_ids
---
[]
